env: load .env
env: export EXPO_PUBLIC_API_BASE_URL
ΓÇ║ Building app...
Configuration on demand is an incubating feature.
> Task :expo-gradle-plugin:expo-autolinking-settings-plugin:checkKotlinGradlePluginConfigurationErrors SKIPPED
> Task :expo-gradle-plugin:expo-autolinking-plugin-shared:checkKotlinGradlePluginConfigurationErrors SKIPPED
> Task :gradle-plugin:shared:checkKotlinGradlePluginConfigurationErrors SKIPPED
> Task :gradle-plugin:settings-plugin:checkKotlinGradlePluginConfigurationErrors SKIPPED
> Task :gradle-plugin:settings-plugin:pluginDescriptors UP-TO-DATE
> Task :expo-gradle-plugin:expo-autolinking-settings-plugin:pluginDescriptors UP-TO-DATE
> Task :expo-gradle-plugin:expo-autolinking-settings-plugin:processResources UP-TO-DATE
> Task :gradle-plugin:settings-plugin:processResources UP-TO-DATE
> Task :gradle-plugin:shared:compileKotlin UP-TO-DATE
> Task :gradle-plugin:shared:compileJava NO-SOURCE
> Task :gradle-plugin:shared:processResources NO-SOURCE
> Task :gradle-plugin:shared:classes UP-TO-DATE
> Task :expo-gradle-plugin:expo-autolinking-plugin-shared:compileKotlin UP-TO-DATE
> Task :expo-gradle-plugin:expo-autolinking-plugin-shared:compileJava NO-SOURCE
> Task :expo-gradle-plugin:expo-autolinking-plugin-shared:processResources NO-SOURCE
> Task :gradle-plugin:shared:jar UP-TO-DATE
> Task :expo-gradle-plugin:expo-autolinking-plugin-shared:classes UP-TO-DATE
> Task :expo-gradle-plugin:expo-autolinking-plugin-shared:jar UP-TO-DATE
> Task :expo-gradle-plugin:expo-autolinking-settings-plugin:compileKotlin UP-TO-DATE
> Task :expo-gradle-plugin:expo-autolinking-settings-plugin:compileJava NO-SOURCE
> Task :expo-gradle-plugin:expo-autolinking-settings-plugin:classes UP-TO-DATE
> Task :expo-gradle-plugin:expo-autolinking-settings-plugin:jar UP-TO-DATE
> Task :gradle-plugin:settings-plugin:compileKotlin UP-TO-DATE
> Task :gradle-plugin:settings-plugin:compileJava NO-SOURCE
> Task :gradle-plugin:settings-plugin:classes UP-TO-DATE
> Task :gradle-plugin:settings-plugin:jar UP-TO-DATE
> Task :expo-gradle-plugin:expo-autolinking-plugin:checkKotlinGradlePluginConfigurationErrors SKIPPED
> Task :expo-gradle-plugin:expo-max-sdk-override-plugin:checkKotlinGradlePluginConfigurationErrors SKIPPED
> Task :gradle-plugin:react-native-gradle-plugin:checkKotlinGradlePluginConfigurationErrors SKIPPED
> Task :expo-dev-launcher-gradle-plugin:checkKotlinGradlePluginConfigurationErrors SKIPPED
> Task :expo-dev-launcher-gradle-plugin:pluginDescriptors UP-TO-DATE
> Task :expo-dev-launcher-gradle-plugin:processResources UP-TO-DATE
> Task :expo-module-gradle-plugin:checkKotlinGradlePluginConfigurationErrors SKIPPED
> Task :expo-module-gradle-plugin:pluginDescriptors UP-TO-DATE
> Task :expo-module-gradle-plugin:processResources UP-TO-DATE
> Task :expo-gradle-plugin:expo-autolinking-plugin:compileKotlin UP-TO-DATE
> Task :expo-gradle-plugin:expo-autolinking-plugin:compileJava NO-SOURCE
> Task :expo-gradle-plugin:expo-autolinking-plugin:pluginDescriptors UP-TO-DATE
> Task :expo-gradle-plugin:expo-autolinking-plugin:processResources UP-TO-DATE
> Task :expo-gradle-plugin:expo-autolinking-plugin:classes UP-TO-DATE
> Task :expo-gradle-plugin:expo-autolinking-plugin:jar UP-TO-DATE
> Task :gradle-plugin:react-native-gradle-plugin:compileKotlin UP-TO-DATE
> Task :expo-gradle-plugin:expo-max-sdk-override-plugin:compileKotlin UP-TO-DATE
> Task :expo-gradle-plugin:expo-max-sdk-override-plugin:compileJava NO-SOURCE
> Task :gradle-plugin:react-native-gradle-plugin:compileJava NO-SOURCE
> Task :gradle-plugin:react-native-gradle-plugin:pluginDescriptors UP-TO-DATE
> Task :expo-gradle-plugin:expo-max-sdk-override-plugin:pluginDescriptors UP-TO-DATE
> Task :gradle-plugin:react-native-gradle-plugin:processResources UP-TO-DATE
> Task :expo-gradle-plugin:expo-max-sdk-override-plugin:processResources UP-TO-DATE
> Task :expo-gradle-plugin:expo-max-sdk-override-plugin:classes UP-TO-DATE
> Task :gradle-plugin:react-native-gradle-plugin:classes UP-TO-DATE
> Task :expo-gradle-plugin:expo-max-sdk-override-plugin:jar UP-TO-DATE
> Task :gradle-plugin:react-native-gradle-plugin:jar UP-TO-DATE
> Task :expo-dev-launcher-gradle-plugin:compileKotlin UP-TO-DATE
> Task :expo-dev-launcher-gradle-plugin:compileJava NO-SOURCE
> Task :expo-dev-launcher-gradle-plugin:classes UP-TO-DATE
> Task :expo-dev-launcher-gradle-plugin:jar UP-TO-DATE
> Task :expo-module-gradle-plugin:compileKotlin UP-TO-DATE
> Task :expo-module-gradle-plugin:compileJava NO-SOURCE
> Task :expo-module-gradle-plugin:classes UP-TO-DATE
> Task :expo-module-gradle-plugin:jar UP-TO-DATE

> Configure project :app
 ??  [33mApplying gradle plugin[0m '[32mexpo-max-sdk-override-plugin[0m'
  [expo-max-sdk-override-plugin] This plugin will find all permissions declared with `android:maxSdkVersion`. If there exists a declaration with the `android:maxSdkVersion` annotation and another one without, the plugin will remove the annotation from the final merged manifest. In order to see a log with the changes run a clean build of the app.
 ??  [33mApplying gradle plugin[0m '[32mexpo-dev-launcher-gradle-plugin[0m'

> Configure project :
[32m[ExpoRootProject][0m Using the following versions:
  - buildTools:  [32m36.0.0[0m
  - minSdk:      [32m24[0m
  - compileSdk:  [32m36[0m
  - targetSdk:   [32m36[0m
  - ndk:         [32m27.1.12297006[0m
  - kotlin:      [32m2.1.20[0m
  - ksp:         [32m2.1.20-2.0.1[0m

> Configure project :expo

Using expo modules
  - [32mexpo-log-box[0m (57.0.3)
  - [32mexpo-constants[0m (57.0.13)
  - [32mexpo-dev-client[0m (57.0.16)
  - [32mexpo-dev-launcher[0m (57.0.16)
  - [32mexpo-dev-menu[0m (57.0.16)
  - [32mexpo-dev-menu-interface[0m (57.0.0)
  - [32mexpo-json-utils[0m (57.0.1)
  - [32mexpo-manifests[0m (57.0.1)

> Configure project :expo-modules-core
Linking react-native-worklets native libs into expo-modules-core build tasks
task ':react-native-worklets:mergeDebugNativeLibs'
task ':react-native-worklets:mergeReleaseNativeLibs'

> Configure project :expo
  - [32mexpo-modules-core[0m (57.0.12)
  - [32mexpo-updates-interface[0m (57.0.1)
  - [33m[?][0m [32mexpo-dom-webview[0m (57.0.1)
  - [33m[?][0m [32mexpo-ui[0m (57.0.12)
  - [33m[?][0m [32mexpo-asset[0m (57.0.13)
  - [33m[?][0m [32mexpo-file-system[0m (57.0.5)
  - [33m[?][0m [32mexpo-font[0m (57.0.1)
  - [33m[?][0m [32mexpo-keep-awake[0m (57.0.1)
  - [33m[?][0m [32mexpo-linking[0m (57.0.7)
  - [33m[?][0m [32mexpo-router[0m (57.0.15)
  - [33m[?][0m [32mexpo-status-bar[0m (57.0.1)


> Task :react-native-masked-view_masked-view:preBuild UP-TO-DATE
> Task :expo-modules-core:preBuild UP-TO-DATE
> Task :expo-manifests:preBuild UP-TO-DATE
> Task :expo-log-box:preBuild UP-TO-DATE
> Task :expo-dev-menu-interface:preBuild UP-TO-DATE
> Task :expo-dev-menu:preBuild UP-TO-DATE
> Task :expo-updates-interface:preBuild UP-TO-DATE
> Task :expo-dev-client:preBuild UP-TO-DATE
> Task :expo-dev-client:preDebugBuild UP-TO-DATE
> Task :expo:generatePackagesList UP-TO-DATE
> Task :expo-json-utils:preBuild UP-TO-DATE
> Task :expo-dev-launcher:preBuild UP-TO-DATE
> Task :react-native-async-storage_async-storage:generateCodegenSchemaFromJavaScript UP-TO-DATE
> Task :expo:preBuild UP-TO-DATE
> Task :expo:preDebugBuild UP-TO-DATE
> Task :expo-dev-menu-interface:preDebugBuild UP-TO-DATE
> Task :expo-manifests:preDebugBuild UP-TO-DATE
> Task :expo-manifests:writeDebugAarMetadata UP-TO-DATE
> Task :react-native-safe-area-context:generateCodegenSchemaFromJavaScript UP-TO-DATE
> Task :expo-modules-core:preDebugBuild UP-TO-DATE
> Task :expo-log-box:preDebugBuild UP-TO-DATE
> Task :expo-updates-interface:preDebugBuild UP-TO-DATE
> Task :expo-dev-menu:preDebugBuild UP-TO-DATE
> Task :expo-dev-client:writeDebugAarMetadata UP-TO-DATE
> Task :react-native-masked-view_masked-view:preDebugBuild UP-TO-DATE
> Task :expo-dev-launcher:preDebugBuild UP-TO-DATE
> Task :expo:writeDebugAarMetadata UP-TO-DATE
> Task :expo-dev-menu-interface:writeDebugAarMetadata UP-TO-DATE
> Task :expo-updates-interface:writeDebugAarMetadata UP-TO-DATE
> Task :react-native-gesture-handler:generateCodegenSchemaFromJavaScript UP-TO-DATE
> Task :react-native-community_netinfo:generateCodegenSchemaFromJavaScript UP-TO-DATE
> Task :expo-log-box:writeDebugAarMetadata UP-TO-DATE
> Task :expo-dev-menu:writeDebugAarMetadata UP-TO-DATE
> Task :expo-json-utils:preDebugBuild UP-TO-DATE
> Task :react-native-masked-view_masked-view:writeDebugAarMetadata UP-TO-DATE
> Task :expo-dev-client:generateDebugResValues UP-TO-DATE
> Task :react-native-async-storage_async-storage:generateCodegenArtifactsFromSchema UP-TO-DATE
> Task :react-native-async-storage_async-storage:preBuild UP-TO-DATE
> Task :react-native-async-storage_async-storage:preDebugBuild UP-TO-DATE
> Task :expo:generateDebugResValues UP-TO-DATE
> Task :react-native-async-storage_async-storage:writeDebugAarMetadata UP-TO-DATE
> Task :expo:generateDebugResources UP-TO-DATE
> Task :expo-updates-interface:generateDebugResValues UP-TO-DATE
> Task :react-native-screens:generateCodegenSchemaFromJavaScript UP-TO-DATE
> Task :expo-json-utils:writeDebugAarMetadata UP-TO-DATE
> Task :expo-dev-launcher:writeDebugAarMetadata UP-TO-DATE
> Task :expo-dev-client:generateDebugResources UP-TO-DATE
> Task :expo-manifests:generateDebugResValues UP-TO-DATE
> Task :expo-dev-menu-interface:generateDebugResValues UP-TO-DATE
> Task :expo-log-box:generateDebugResValues UP-TO-DATE
> Task :expo-dev-menu:generateDebugResValues UP-TO-DATE
> Task :expo-manifests:generateDebugResources UP-TO-DATE
> Task :react-native-safe-area-context:generateCodegenArtifactsFromSchema UP-TO-DATE
> Task :react-native-async-storage_async-storage:generateDebugResValues UP-TO-DATE
> Task :expo-updates-interface:generateDebugResources UP-TO-DATE
> Task :expo-modules-core:writeDebugAarMetadata
> Task :react-native-gesture-handler:generateCodegenArtifactsFromSchema UP-TO-DATE
> Task :expo:packageDebugResources UP-TO-DATE
> Task :react-native-community_netinfo:generateCodegenArtifactsFromSchema UP-TO-DATE
> Task :react-native-community_netinfo:preBuild UP-TO-DATE
> Task :expo-dev-launcher:generateDebugResValues UP-TO-DATE
> Task :expo-json-utils:generateDebugResValues UP-TO-DATE
> Task :react-native-gesture-handler:preBuild UP-TO-DATE
> Task :expo-dev-launcher:generateDebugResources UP-TO-DATE
> Task :expo:extractDeepLinksDebug UP-TO-DATE
> Task :react-native-safe-area-context:preBuild UP-TO-DATE
> Task :react-native-safe-area-context:preDebugBuild UP-TO-DATE
> Task :react-native-safe-area-context:writeDebugAarMetadata UP-TO-DATE
> Task :react-native-screens:generateCodegenArtifactsFromSchema UP-TO-DATE
> Task :react-native-gesture-handler:preDebugBuild UP-TO-DATE
> Task :expo-dev-menu-interface:generateDebugResources UP-TO-DATE
> Task :expo-log-box:generateDebugResources UP-TO-DATE
> Task :react-native-community_netinfo:preDebugBuild UP-TO-DATE
> Task :react-native-masked-view_masked-view:generateDebugResValues UP-TO-DATE
> Task :react-native-gesture-handler:writeDebugAarMetadata UP-TO-DATE
> Task :react-native-screens:preBuild UP-TO-DATE
> Task :expo-json-utils:generateDebugResources UP-TO-DATE
> Task :expo-dev-menu:generateDebugResources UP-TO-DATE
> Task :expo-updates-interface:packageDebugResources UP-TO-DATE
> Task :react-native-community_netinfo:writeDebugAarMetadata UP-TO-DATE
> Task :react-native-async-storage_async-storage:generateDebugResources UP-TO-DATE
> Task :react-native-safe-area-context:generateDebugResValues UP-TO-DATE
> Task :expo-dev-client:packageDebugResources UP-TO-DATE
> Task :expo-modules-core:generateDebugResValues FROM-CACHE
> Task :expo-updates-interface:extractDeepLinksDebug UP-TO-DATE
> Task :expo-manifests:packageDebugResources UP-TO-DATE
> Task :react-native-gesture-handler:generateDebugResValues UP-TO-DATE
> Task :react-native-community_netinfo:generateDebugResValues UP-TO-DATE
> Task :expo:processDebugManifest UP-TO-DATE
> Task :expo-log-box:packageDebugResources UP-TO-DATE
> Task :expo-json-utils:packageDebugResources UP-TO-DATE
> Task :react-native-screens:preDebugBuild UP-TO-DATE
> Task :react-native-gesture-handler:generateDebugResources UP-TO-DATE
> Task :react-native-community_netinfo:generateDebugResources UP-TO-DATE
> Task :expo-json-utils:extractDeepLinksDebug UP-TO-DATE
> Task :expo-manifests:extractDeepLinksDebug UP-TO-DATE
> Task :react-native-safe-area-context:generateDebugResources UP-TO-DATE
> Task :expo-dev-menu-interface:packageDebugResources UP-TO-DATE
> Task :expo-dev-client:extractDeepLinksDebug UP-TO-DATE
> Task :react-native-async-storage_async-storage:packageDebugResources UP-TO-DATE
> Task :expo-dev-launcher:packageDebugResources UP-TO-DATE
> Task :react-native-screens:writeDebugAarMetadata UP-TO-DATE
> Task :expo-manifests:processDebugManifest UP-TO-DATE
> Task :react-native-masked-view_masked-view:generateDebugResources UP-TO-DATE
> Task :expo-updates-interface:processDebugManifest UP-TO-DATE
> Task :expo-dev-menu:packageDebugResources UP-TO-DATE
> Task :expo-log-box:extractDeepLinksDebug UP-TO-DATE
> Task :expo:compileDebugLibraryResources UP-TO-DATE
> Task :expo-dev-menu-interface:extractDeepLinksDebug UP-TO-DATE
> Task :expo-json-utils:processDebugManifest UP-TO-DATE
> Task :expo-manifests:compileDebugLibraryResources UP-TO-DATE
> Task :expo-json-utils:compileDebugLibraryResources UP-TO-DATE
> Task :react-native-async-storage_async-storage:extractDeepLinksDebug UP-TO-DATE
> Task :react-native-gesture-handler:packageDebugResources UP-TO-DATE
> Task :expo-dev-client:processDebugManifest UP-TO-DATE
> Task :react-native-screens:generateDebugResValues UP-TO-DATE
> Task :expo-modules-core:generateDebugResources FROM-CACHE
> Task :expo-dev-launcher:extractDeepLinksDebug UP-TO-DATE
> Task :react-native-safe-area-context:packageDebugResources UP-TO-DATE
> Task :expo-dev-menu:extractDeepLinksDebug UP-TO-DATE
> Task :expo-log-box:processDebugManifest UP-TO-DATE
> Task :expo-dev-client:compileDebugLibraryResources UP-TO-DATE
> Task :expo-updates-interface:compileDebugLibraryResources UP-TO-DATE
> Task :react-native-async-storage_async-storage:processDebugManifest UP-TO-DATE
> Task :expo-manifests:parseDebugLocalResources UP-TO-DATE
> Task :react-native-gesture-handler:extractDeepLinksDebug UP-TO-DATE
> Task :react-native-community_netinfo:packageDebugResources UP-TO-DATE
> Task :expo:parseDebugLocalResources UP-TO-DATE
> Task :expo-dev-menu-interface:processDebugManifest UP-TO-DATE
> Task :react-native-async-storage_async-storage:compileDebugLibraryResources UP-TO-DATE
> Task :expo-dev-client:parseDebugLocalResources UP-TO-DATE
> Task :expo-updates-interface:parseDebugLocalResources UP-TO-DATE
> Task :expo-manifests:generateDebugRFile UP-TO-DATE
> Task :react-native-masked-view_masked-view:packageDebugResources UP-TO-DATE
> Task :expo:generateDebugRFile UP-TO-DATE
> Task :react-native-gesture-handler:processDebugManifest UP-TO-DATE
> Task :expo-json-utils:parseDebugLocalResources UP-TO-DATE
> Task :react-native-safe-area-context:extractDeepLinksDebug UP-TO-DATE
> Task :expo-updates-interface:generateDebugRFile UP-TO-DATE
> Task :expo-log-box:compileDebugLibraryResources UP-TO-DATE
> Task :expo-updates-interface:checkKotlinGradlePluginConfigurationErrors SKIPPED
> Task :react-native-community_netinfo:extractDeepLinksDebug UP-TO-DATE
> Task :expo-log-box:parseDebugLocalResources UP-TO-DATE
> Task :react-native-screens:generateDebugResources UP-TO-DATE
> Task :expo:checkKotlinGradlePluginConfigurationErrors SKIPPED
> Task :expo-dev-menu-interface:compileDebugLibraryResources UP-TO-DATE
> Task :expo-dev-launcher:processDebugManifest UP-TO-DATE
> Task :expo-json-utils:generateDebugRFile UP-TO-DATE
> Task :expo-dev-menu:processDebugManifest UP-TO-DATE
> Task :expo-dev-client:generateDebugRFile UP-TO-DATE
> Task :react-native-gesture-handler:compileDebugLibraryResources UP-TO-DATE
> Task :react-native-async-storage_async-storage:parseDebugLocalResources UP-TO-DATE
> Task :react-native-masked-view_masked-view:extractDeepLinksDebug UP-TO-DATE
> Task :expo-dev-menu:compileDebugLibraryResources UP-TO-DATE
> Task :expo:generateDebugBuildConfig UP-TO-DATE
> Task :expo-dev-launcher:compileDebugLibraryResources UP-TO-DATE
> Task :expo-log-box:generateDebugRFile UP-TO-DATE
> Task :react-native-reanimated:assertMinimalReactNativeVersionTask
> Task :react-native-safe-area-context:processDebugManifest UP-TO-DATE
> Task :expo:javaPreCompileDebug UP-TO-DATE
> Task :expo-manifests:checkKotlinGradlePluginConfigurationErrors SKIPPED
> Task :expo-dev-client:checkKotlinGradlePluginConfigurationErrors SKIPPED
> Task :react-native-masked-view_masked-view:processDebugManifest UP-TO-DATE
> Task :react-native-community_netinfo:processDebugManifest UP-TO-DATE
> Task :expo-dev-menu:parseDebugLocalResources UP-TO-DATE
> Task :expo-json-utils:checkKotlinGradlePluginConfigurationErrors SKIPPED
> Task :expo-updates-interface:generateDebugBuildConfig UP-TO-DATE
> Task :expo-log-box:checkKotlinGradlePluginConfigurationErrors SKIPPED
> Task :react-native-async-storage_async-storage:generateDebugRFile UP-TO-DATE
> Task :expo:mergeDebugShaders UP-TO-DATE
> Task :react-native-screens:packageDebugResources UP-TO-DATE
> Task :expo-dev-menu:generateDebugRFile UP-TO-DATE
> Task :expo-dev-launcher:parseDebugLocalResources UP-TO-DATE
> Task :expo-dev-menu-interface:parseDebugLocalResources UP-TO-DATE
> Task :react-native-worklets:assertMinimalReactNativeVersionTask
> Task :expo-manifests:generateDebugBuildConfig UP-TO-DATE
> Task :react-native-gesture-handler:parseDebugLocalResources UP-TO-DATE
> Task :react-native-safe-area-context:compileDebugLibraryResources UP-TO-DATE
> Task :expo-updates-interface:javaPreCompileDebug UP-TO-DATE
> Task :expo:compileDebugShaders NO-SOURCE
> Task :react-native-screens:extractDeepLinksDebug UP-TO-DATE
> Task :expo-log-box:generateDebugBuildConfig UP-TO-DATE
> Task :expo-dev-menu:checkKotlinGradlePluginConfigurationErrors SKIPPED
> Task :expo-json-utils:generateDebugBuildConfig UP-TO-DATE
> Task :react-native-gesture-handler:generateDebugRFile UP-TO-DATE
> Task :expo-manifests:javaPreCompileDebug UP-TO-DATE
> Task :react-native-gesture-handler:checkKotlinGradlePluginConfigurationErrors SKIPPED
> Task :react-native-community_netinfo:compileDebugLibraryResources UP-TO-DATE
> Task :expo-dev-launcher:generateDebugRFile UP-TO-DATE
> Task :expo-json-utils:javaPreCompileDebug UP-TO-DATE
> Task :expo-dev-client:dataBindingMergeDependencyArtifactsDebug UP-TO-DATE
> Task :react-native-masked-view_masked-view:compileDebugLibraryResources UP-TO-DATE
> Task :expo:generateDebugAssets UP-TO-DATE
> Task :expo-dev-menu:generateDebugBuildConfig UP-TO-DATE
> Task :expo-dev-menu:javaPreCompileDebug UP-TO-DATE
> Task :expo-updates-interface:mergeDebugShaders UP-TO-DATE
> Task :react-native-screens:processDebugManifest UP-TO-DATE
> Task :expo-dev-menu-interface:generateDebugRFile UP-TO-DATE
> Task :react-native-safe-area-context:parseDebugLocalResources UP-TO-DATE
> Task :react-native-async-storage_async-storage:generateDebugBuildConfig UP-TO-DATE
> Task :expo-log-box:javaPreCompileDebug UP-TO-DATE
> Task :expo-dev-launcher:checkKotlinGradlePluginConfigurationErrors SKIPPED
> Task :expo-json-utils:mergeDebugShaders UP-TO-DATE
> Task :react-native-community_netinfo:parseDebugLocalResources UP-TO-DATE
> Task :expo-json-utils:compileDebugShaders NO-SOURCE
> Task :expo-dev-menu:mergeDebugShaders UP-TO-DATE
> Task :react-native-screens:compileDebugLibraryResources UP-TO-DATE
> Task :react-native-gesture-handler:generateDebugBuildConfig UP-TO-DATE
> Task :react-native-async-storage_async-storage:javaPreCompileDebug UP-TO-DATE
> Task :expo-json-utils:generateDebugAssets UP-TO-DATE
> Task :expo-updates-interface:compileDebugShaders NO-SOURCE
> Task :expo-updates-interface:generateDebugAssets UP-TO-DATE
> Task :expo-dev-menu:compileDebugShaders NO-SOURCE
> Task :react-native-masked-view_masked-view:parseDebugLocalResources UP-TO-DATE
> Task :expo:mergeDebugAssets UP-TO-DATE
> Task :expo-dev-client:dataBindingGenBaseClassesDebug UP-TO-DATE
> Task :react-native-screens:parseDebugLocalResources UP-TO-DATE
> Task :expo-log-box:mergeDebugShaders UP-TO-DATE
> Task :expo-updates-interface:mergeDebugAssets UP-TO-DATE
> Task :react-native-community_netinfo:generateDebugRFile UP-TO-DATE
> Task :expo-dev-client:generateDebugBuildConfig UP-TO-DATE
> Task :expo-log-box:compileDebugShaders NO-SOURCE
> Task :expo-dev-menu:generateDebugAssets UP-TO-DATE
> Task :expo-manifests:mergeDebugShaders UP-TO-DATE
> Task :react-native-safe-area-context:generateDebugRFile UP-TO-DATE
> Task :react-native-masked-view_masked-view:generateDebugRFile UP-TO-DATE
> Task :expo-dev-menu-interface:checkKotlinGradlePluginConfigurationErrors SKIPPED
> Task :expo-log-box:generateDebugAssets UP-TO-DATE
> Task :expo:mergeDebugJniLibFolders UP-TO-DATE
> Task :expo-json-utils:mergeDebugAssets UP-TO-DATE
> Task :expo-dev-menu-interface:generateDebugBuildConfig UP-TO-DATE
> Task :expo-log-box:mergeDebugAssets UP-TO-DATE
> Task :expo:mergeDebugNativeLibs NO-SOURCE
> Task :expo-dev-client:javaPreCompileDebug UP-TO-DATE
> Task :expo-log-box:mergeDebugJniLibFolders UP-TO-DATE
> Task :react-native-screens:generateDebugRFile UP-TO-DATE
> Task :expo-dev-menu-interface:javaPreCompileDebug UP-TO-DATE
> Task :expo-dev-menu:mergeDebugAssets UP-TO-DATE
> Task :expo-manifests:compileDebugShaders NO-SOURCE
> Task :expo-manifests:generateDebugAssets UP-TO-DATE
> Task :expo:copyDebugJniLibsProjectOnly UP-TO-DATE
> Task :expo-updates-interface:mergeDebugJniLibFolders UP-TO-DATE
> Task :expo-dev-client:mergeDebugShaders UP-TO-DATE
> Task :expo-modules-core:packageDebugResources FROM-CACHE
> Task :react-native-community_netinfo:generateDebugBuildConfig UP-TO-DATE
> Task :react-native-safe-area-context:checkKotlinGradlePluginConfigurationErrors SKIPPED
> Task :expo-dev-menu-interface:mergeDebugShaders UP-TO-DATE
> Task :react-native-gesture-handler:javaPreCompileDebug UP-TO-DATE
> Task :react-native-masked-view_masked-view:generateDebugBuildConfig UP-TO-DATE
> Task :expo-dev-menu-interface:compileDebugShaders NO-SOURCE
> Task :expo-dev-menu-interface:generateDebugAssets UP-TO-DATE
> Task :expo-log-box:mergeDebugNativeLibs NO-SOURCE
> Task :react-native-safe-area-context:generateDebugBuildConfig UP-TO-DATE
> Task :expo-manifests:mergeDebugAssets UP-TO-DATE
> Task :expo-json-utils:mergeDebugJniLibFolders UP-TO-DATE
> Task :expo-dev-menu-interface:mergeDebugAssets UP-TO-DATE
> Task :react-native-screens:checkKotlinGradlePluginConfigurationErrors SKIPPED
> Task :expo-dev-menu:mergeDebugJniLibFolders UP-TO-DATE
> Task :expo-updates-interface:mergeDebugNativeLibs NO-SOURCE
> Task :expo-dev-client:compileDebugShaders NO-SOURCE
> Task :react-native-community_netinfo:javaPreCompileDebug UP-TO-DATE
> Task :react-native-masked-view_masked-view:javaPreCompileDebug UP-TO-DATE
> Task :react-native-gesture-handler:mergeDebugShaders UP-TO-DATE
> Task :expo-dev-client:generateDebugAssets UP-TO-DATE
> Task :expo-log-box:copyDebugJniLibsProjectOnly UP-TO-DATE
> Task :expo-json-utils:mergeDebugNativeLibs NO-SOURCE
> Task :expo-dev-menu-interface:mergeDebugJniLibFolders UP-TO-DATE
> Task :react-native-async-storage_async-storage:compileDebugJavaWithJavac UP-TO-DATE
> Task :expo-dev-menu:mergeDebugNativeLibs NO-SOURCE
> Task :expo-manifests:mergeDebugJniLibFolders UP-TO-DATE
> Task :react-native-screens:generateDebugBuildConfig UP-TO-DATE
> Task :expo-updates-interface:copyDebugJniLibsProjectOnly UP-TO-DATE
> Task :expo-dev-client:mergeDebugAssets UP-TO-DATE
> Task :expo-json-utils:copyDebugJniLibsProjectOnly UP-TO-DATE
> Task :expo-modules-core:extractDeepLinksDebug FROM-CACHE
> Task :expo-dev-menu:copyDebugJniLibsProjectOnly UP-TO-DATE
> Task :expo-manifests:mergeDebugNativeLibs NO-SOURCE
> Task :react-native-async-storage_async-storage:bundleLibCompileToJarDebug UP-TO-DATE
> Task :expo-dev-menu-interface:mergeDebugNativeLibs NO-SOURCE
> Task :expo-manifests:copyDebugJniLibsProjectOnly UP-TO-DATE
> Task :react-native-gesture-handler:compileDebugShaders NO-SOURCE
> Task :expo-dev-launcher:dataBindingMergeDependencyArtifactsDebug UP-TO-DATE
> Task :expo-dev-client:mergeDebugJniLibFolders UP-TO-DATE
> Task :expo-dev-client:mergeDebugNativeLibs NO-SOURCE
> Task :expo-dev-menu-interface:copyDebugJniLibsProjectOnly UP-TO-DATE
> Task :react-native-gesture-handler:generateDebugAssets UP-TO-DATE
> Task :expo-dev-client:copyDebugJniLibsProjectOnly UP-TO-DATE
> Task :react-native-masked-view_masked-view:compileDebugJavaWithJavac UP-TO-DATE
> Task :react-native-masked-view_masked-view:bundleLibCompileToJarDebug UP-TO-DATE
> Task :react-native-community_netinfo:compileDebugJavaWithJavac UP-TO-DATE
> Task :react-native-async-storage_async-storage:mergeDebugShaders UP-TO-DATE
> Task :react-native-community_netinfo:bundleLibCompileToJarDebug UP-TO-DATE
> Task :react-native-gesture-handler:mergeDebugAssets UP-TO-DATE
> Task :react-native-async-storage_async-storage:compileDebugShaders NO-SOURCE
> Task :react-native-async-storage_async-storage:generateDebugAssets UP-TO-DATE
> Task :react-native-async-storage_async-storage:mergeDebugAssets UP-TO-DATE
> Task :react-native-community_netinfo:mergeDebugShaders UP-TO-DATE
> Task :react-native-gesture-handler:mergeDebugJniLibFolders UP-TO-DATE
> Task :react-native-masked-view_masked-view:mergeDebugShaders UP-TO-DATE
> Task :react-native-async-storage_async-storage:bundleLibRuntimeToJarDebug UP-TO-DATE
> Task :react-native-community_netinfo:compileDebugShaders NO-SOURCE
> Task :react-native-masked-view_masked-view:compileDebugShaders NO-SOURCE
> Task :react-native-reanimated:assertWorkletsVersionTask
> Task :react-native-masked-view_masked-view:generateDebugAssets UP-TO-DATE
> Task :react-native-community_netinfo:generateDebugAssets UP-TO-DATE
> Task :react-native-async-storage_async-storage:processDebugJavaRes NO-SOURCE
> Task :react-native-community_netinfo:mergeDebugAssets UP-TO-DATE
> Task :react-native-community_netinfo:bundleLibRuntimeToJarDebug UP-TO-DATE
> Task :react-native-masked-view_masked-view:mergeDebugAssets UP-TO-DATE
> Task :react-native-async-storage_async-storage:mergeDebugJniLibFolders UP-TO-DATE
> Task :react-native-masked-view_masked-view:bundleLibRuntimeToJarDebug UP-TO-DATE
> Task :react-native-community_netinfo:processDebugJavaRes NO-SOURCE
> Task :react-native-async-storage_async-storage:mergeDebugNativeLibs NO-SOURCE
> Task :react-native-masked-view_masked-view:processDebugJavaRes NO-SOURCE
> Task :react-native-async-storage_async-storage:copyDebugJniLibsProjectOnly UP-TO-DATE
> Task :expo-dev-launcher:dataBindingGenBaseClassesDebug UP-TO-DATE
> Task :react-native-masked-view_masked-view:mergeDebugJniLibFolders UP-TO-DATE
> Task :react-native-community_netinfo:mergeDebugJniLibFolders UP-TO-DATE
> Task :expo-modules-core:processDebugManifest FROM-CACHE
> Task :expo-dev-launcher:generateDebugBuildConfig UP-TO-DATE
> Task :react-native-community_netinfo:mergeDebugNativeLibs NO-SOURCE
> Task :react-native-masked-view_masked-view:mergeDebugNativeLibs NO-SOURCE
> Task :react-native-community_netinfo:copyDebugJniLibsProjectOnly UP-TO-DATE
> Task :expo-dev-launcher:checkApolloVersions UP-TO-DATE
> Task :react-native-masked-view_masked-view:copyDebugJniLibsProjectOnly UP-TO-DATE
> Task :expo-constants:createExpoConfig
> Task :expo-constants:preBuild
> Task :expo-dev-launcher:generateServiceApolloOptions UP-TO-DATE
> Task :expo-constants:preDebugBuild
> Task :expo-constants:writeDebugAarMetadata UP-TO-DATE
> Task :expo-constants:generateDebugResValues UP-TO-DATE
> Task :expo-constants:generateDebugResources UP-TO-DATE
> Task :expo-modules-core:compileDebugLibraryResources FROM-CACHE
> Task :expo-dev-launcher:generateServiceApolloSources UP-TO-DATE
> Task :expo-dev-launcher:javaPreCompileDebug UP-TO-DATE
> Task :expo-constants:packageDebugResources UP-TO-DATE
> Task :expo-dev-launcher:mergeDebugShaders UP-TO-DATE
> Task :expo-constants:extractDeepLinksDebug UP-TO-DATE
> Task :react-native-safe-area-context:compileDebugKotlin UP-TO-DATE
> Task :react-native-safe-area-context:javaPreCompileDebug UP-TO-DATE
> Task :expo-dev-launcher:compileDebugShaders NO-SOURCE
> Task :expo-dev-launcher:generateDebugAssets UP-TO-DATE
> Task :expo-constants:processDebugManifest UP-TO-DATE
> Task :expo-modules-core:parseDebugLocalResources FROM-CACHE
> Task :expo-dev-launcher:mergeDebugAssets UP-TO-DATE
> Task :expo-constants:compileDebugLibraryResources UP-TO-DATE
> Task :expo-dev-launcher:mergeDebugJniLibFolders UP-TO-DATE
> Task :expo-dev-launcher:mergeDebugNativeLibs NO-SOURCE
> Task :expo-constants:parseDebugLocalResources UP-TO-DATE
> Task :react-native-safe-area-context:compileDebugJavaWithJavac UP-TO-DATE
> Task :expo-dev-launcher:copyDebugJniLibsProjectOnly UP-TO-DATE
> Task :react-native-safe-area-context:bundleLibCompileToJarDebug UP-TO-DATE
> Task :expo-constants:generateDebugRFile UP-TO-DATE
> Task :expo-constants:checkKotlinGradlePluginConfigurationErrors SKIPPED
> Task :react-native-safe-area-context:mergeDebugShaders UP-TO-DATE
> Task :react-native-safe-area-context:compileDebugShaders NO-SOURCE
> Task :react-native-safe-area-context:generateDebugAssets UP-TO-DATE
> Task :expo-constants:generateDebugBuildConfig UP-TO-DATE
> Task :expo-constants:javaPreCompileDebug UP-TO-DATE
> Task :react-native-safe-area-context:mergeDebugAssets UP-TO-DATE
> Task :react-native-safe-area-context:bundleLibRuntimeToJarDebug UP-TO-DATE
> Task :expo-constants:mergeDebugShaders UP-TO-DATE
> Task :expo-constants:compileDebugShaders NO-SOURCE
> Task :expo-constants:generateDebugAssets UP-TO-DATE
> Task :react-native-safe-area-context:processDebugJavaRes UP-TO-DATE
> Task :expo-constants:mergeDebugAssets UP-TO-DATE
> Task :react-native-safe-area-context:mergeDebugJniLibFolders UP-TO-DATE
> Task :react-native-safe-area-context:mergeDebugNativeLibs NO-SOURCE
> Task :expo-constants:mergeDebugJniLibFolders UP-TO-DATE
> Task :react-native-safe-area-context:copyDebugJniLibsProjectOnly UP-TO-DATE
> Task :expo-constants:mergeDebugNativeLibs NO-SOURCE
> Task :expo-constants:copyDebugJniLibsProjectOnly UP-TO-DATE
> Task :expo-modules-core:generateDebugRFile FROM-CACHE
> Task :expo-modules-core:checkKotlinGradlePluginConfigurationErrors SKIPPED
> Task :react-native-screens:compileDebugKotlin UP-TO-DATE
> Task :react-native-screens:javaPreCompileDebug UP-TO-DATE
> Task :expo-modules-core:generateDebugBuildConfig FROM-CACHE
> Task :expo-modules-core:javaPreCompileDebug FROM-CACHE
> Task :react-native-screens:compileDebugJavaWithJavac UP-TO-DATE
> Task :react-native-screens:bundleLibCompileToJarDebug UP-TO-DATE
> Task :react-native-screens:mergeDebugShaders UP-TO-DATE
> Task :react-native-screens:compileDebugShaders NO-SOURCE
> Task :react-native-screens:generateDebugAssets UP-TO-DATE
> Task :react-native-worklets:generateCodegenSchemaFromJavaScript
> Task :react-native-screens:mergeDebugAssets UP-TO-DATE
> Task :expo-modules-core:mergeDebugShaders
> Task :expo-modules-core:compileDebugShaders NO-SOURCE
> Task :expo-modules-core:generateDebugAssets UP-TO-DATE
> Task :react-native-screens:bundleLibRuntimeToJarDebug UP-TO-DATE
> Task :expo-modules-core:mergeDebugAssets
> Task :react-native-screens:processDebugJavaRes UP-TO-DATE
> Task :expo-modules-core:mergeDebugJniLibFolders
> Task :react-native-reanimated:generateCodegenSchemaFromJavaScript
> Task :react-native-screens:configureCMakeDebug[arm64-v8a]
> Task :app:generateAutolinkingNewArchitectureFiles
> Task :app:generateAutolinkingPackageList
> Task :app:generateCodegenSchemaFromJavaScript SKIPPED
> Task :app:generateCodegenArtifactsFromSchema SKIPPED
> Task :app:generateReactNativeEntryPoint
> Task :app:preBuild
> Task :app:preDebugBuild
> Task :app:mergeDebugNativeDebugMetadata NO-SOURCE
> Task :app:checkKotlinGradlePluginConfigurationErrors SKIPPED
> Task :react-native-worklets:generateCodegenArtifactsFromSchema
> Task :app:generateDebugBuildConfig FROM-CACHE
> Task :app:generateDebugResValues FROM-CACHE
> Task :app:generateDebugResources FROM-CACHE
> Task :react-native-reanimated:generateCodegenArtifactsFromSchema
> Task :react-native-worklets:prepareWorkletsHeadersForPrefabs
> Task :react-native-worklets:preBuild
> Task :react-native-worklets:preDebugBuild
> Task :react-native-worklets:writeDebugAarMetadata
> Task :react-native-worklets:generateDebugResValues FROM-CACHE
> Task :react-native-worklets:generateDebugResources FROM-CACHE
> Task :app:packageDebugResources FROM-CACHE
> Task :app:parseDebugLocalResources FROM-CACHE
> Task :app:createDebugCompatibleScreenManifests
> Task :react-native-worklets:packageDebugResources FROM-CACHE
> Task :app:extractDeepLinksDebug FROM-CACHE
> Task :react-native-worklets:extractDeepLinksDebug FROM-CACHE
> Task :app:javaPreCompileDebug FROM-CACHE
> Task :app:mergeDebugShaders
> Task :app:compileDebugShaders NO-SOURCE
> Task :app:generateDebugAssets UP-TO-DATE
> Task :app:desugarDebugFileDependencies FROM-CACHE
> Task :react-native-worklets:processDebugManifest FROM-CACHE
> Task :react-native-worklets:compileDebugLibraryResources FROM-CACHE
> Task :react-native-worklets:parseDebugLocalResources FROM-CACHE
> Task :app:mergeDebugJniLibFolders
> Task :app:validateSigningDebug
> Task :app:writeDebugAppMetadata
> Task :react-native-worklets:generateDebugRFile FROM-CACHE
> Task :react-native-worklets:checkKotlinGradlePluginConfigurationErrors SKIPPED
> Task :react-native-worklets:generateDebugBuildConfig FROM-CACHE
> Task :app:writeDebugSigningConfigVersions
> Task :react-native-reanimated:prepareReanimatedHeadersForPrefabs
> Task :react-native-reanimated:preBuild
> Task :react-native-reanimated:preDebugBuild
> Task :react-native-reanimated:writeDebugAarMetadata
> Task :react-native-reanimated:generateDebugResValues FROM-CACHE
> Task :react-native-reanimated:generateDebugResources FROM-CACHE
> Task :react-native-reanimated:packageDebugResources FROM-CACHE
> Task :react-native-reanimated:extractDeepLinksDebug FROM-CACHE
> Task :react-native-worklets:compileDebugKotlin FROM-CACHE
> Task :app:mapDebugSourceSetPaths
> Task :react-native-worklets:javaPreCompileDebug FROM-CACHE
> Task :react-native-worklets:compileDebugJavaWithJavac FROM-CACHE
> Task :react-native-reanimated:processDebugManifest FROM-CACHE
> Task :react-native-reanimated:compileDebugLibraryResources FROM-CACHE
> Task :react-native-screens:buildCMakeDebug[arm64-v8a]
> Task :react-native-screens:mergeDebugJniLibFolders UP-TO-DATE
> Task :react-native-reanimated:parseDebugLocalResources FROM-CACHE
> Task :react-native-screens:mergeDebugNativeLibs UP-TO-DATE
> Task :react-native-screens:copyDebugJniLibsProjectOnly UP-TO-DATE
> Task :react-native-worklets:mergeDebugShaders
> Task :react-native-worklets:compileDebugShaders NO-SOURCE
> Task :react-native-worklets:generateDebugAssets UP-TO-DATE
> Task :react-native-worklets:bundleLibCompileToJarDebug
> Task :react-native-reanimated:generateDebugRFile FROM-CACHE
> Task :react-native-reanimated:checkKotlinGradlePluginConfigurationErrors SKIPPED
> Task :react-native-worklets:mergeDebugAssets
> Task :react-native-reanimated:generateDebugBuildConfig FROM-CACHE
> Task :react-native-worklets:bundleLibRuntimeToJarDebug
> Task :react-native-worklets:processDebugJavaRes
> Task :app:checkDebugDuplicateClasses
> Task :react-native-reanimated:compileDebugKotlin FROM-CACHE
> Task :react-native-reanimated:javaPreCompileDebug FROM-CACHE
> Task :react-native-reanimated:compileDebugJavaWithJavac FROM-CACHE
> Task :react-native-reanimated:mergeDebugShaders
> Task :react-native-reanimated:compileDebugShaders NO-SOURCE
> Task :react-native-reanimated:generateDebugAssets UP-TO-DATE
> Task :react-native-reanimated:mergeDebugAssets
> Task :app:checkDebugAarMetadata
> Task :react-native-reanimated:processDebugJavaRes
> Task :react-native-reanimated:mergeDebugJniLibFolders
> Task :react-native-reanimated:bundleLibRuntimeToJarDebug
> Task :react-native-reanimated:bundleLibCompileToJarDebug
> Task :react-native-gesture-handler:compileDebugKotlin UP-TO-DATE
> Task :react-native-gesture-handler:compileDebugJavaWithJavac UP-TO-DATE
> Task :react-native-gesture-handler:bundleLibCompileToJarDebug UP-TO-DATE
> Task :react-native-gesture-handler:bundleLibRuntimeToJarDebug UP-TO-DATE
> Task :react-native-gesture-handler:processDebugJavaRes UP-TO-DATE
> Task :app:mergeDebugResources FROM-CACHE
> Task :app:processDebugMainManifest FROM-CACHE

> Task :app:expoDebugOverrideMaxSdkConflicts
[33m---------- Expo Max Sdk Override Plugin ----------[0m
[32m>>> No 'android:maxSdkVersion' conflicts found[0m
[33m--------------------------------------------------[0m

> Task :app:processDebugManifest FROM-CACHE
> Task :app:processDebugManifestForPackage FROM-CACHE
> Task :app:processDebugResources FROM-CACHE
> Task :react-native-worklets:configureCMakeDebug[arm64-v8a]
> Task :app:mergeDebugAssets
> Task :app:compressDebugAssets FROM-CACHE
> Task :expo-modules-core:compileDebugKotlin FROM-CACHE
> Task :expo-modules-core:compileDebugJavaWithJavac FROM-CACHE
> Task :expo-modules-core:processDebugJavaRes
> Task :app:mergeExtDexDebug FROM-CACHE
> Task :expo-modules-core:bundleLibRuntimeToJarDebug
> Task :expo-modules-core:bundleLibCompileToJarDebug
> Task :expo-dev-client:compileDebugKotlin NO-SOURCE
> Task :expo-dev-menu-interface:compileDebugKotlin NO-SOURCE
> Task :expo-dev-client:compileDebugJavaWithJavac UP-TO-DATE
> Task :expo-dev-client:bundleLibCompileToJarDebug UP-TO-DATE
> Task :expo-dev-client:bundleLibRuntimeToJarDebug UP-TO-DATE
> Task :expo-dev-menu-interface:compileDebugJavaWithJavac UP-TO-DATE
> Task :expo-dev-menu-interface:bundleLibCompileToJarDebug UP-TO-DATE
> Task :expo-dev-menu-interface:bundleLibRuntimeToJarDebug UP-TO-DATE
> Task :expo-dev-client:processDebugJavaRes NO-SOURCE
> Task :expo-dev-menu-interface:processDebugJavaRes NO-SOURCE
> Task :expo-json-utils:compileDebugKotlin UP-TO-DATE
> Task :expo-updates-interface:compileDebugKotlin UP-TO-DATE
> Task :expo-constants:compileDebugKotlin UP-TO-DATE
> Task :expo-json-utils:compileDebugJavaWithJavac UP-TO-DATE
> Task :expo-json-utils:bundleLibCompileToJarDebug UP-TO-DATE
> Task :expo-json-utils:bundleLibRuntimeToJarDebug UP-TO-DATE
> Task :expo-updates-interface:compileDebugJavaWithJavac UP-TO-DATE
> Task :expo-updates-interface:bundleLibCompileToJarDebug UP-TO-DATE
> Task :expo-json-utils:processDebugJavaRes UP-TO-DATE
> Task :expo-log-box:compileDebugKotlin UP-TO-DATE
> Task :expo-constants:compileDebugJavaWithJavac UP-TO-DATE
> Task :expo-constants:bundleLibCompileToJarDebug UP-TO-DATE
> Task :expo-updates-interface:bundleLibRuntimeToJarDebug UP-TO-DATE
> Task :expo-constants:bundleLibRuntimeToJarDebug UP-TO-DATE
> Task :expo-constants:processDebugJavaRes UP-TO-DATE
> Task :expo-updates-interface:processDebugJavaRes UP-TO-DATE
> Task :expo-log-box:compileDebugJavaWithJavac UP-TO-DATE
> Task :expo-log-box:bundleLibCompileToJarDebug UP-TO-DATE
> Task :expo-log-box:bundleLibRuntimeToJarDebug UP-TO-DATE
> Task :expo-log-box:processDebugJavaRes UP-TO-DATE
> Task :expo-manifests:compileDebugKotlin UP-TO-DATE
> Task :expo-manifests:compileDebugJavaWithJavac UP-TO-DATE
> Task :expo-manifests:bundleLibCompileToJarDebug UP-TO-DATE
> Task :expo-manifests:bundleLibRuntimeToJarDebug UP-TO-DATE
> Task :expo-manifests:processDebugJavaRes UP-TO-DATE
> Task :expo-dev-menu:compileDebugKotlin UP-TO-DATE
> Task :expo-dev-menu:compileDebugJavaWithJavac
> Task :expo-dev-menu:processDebugJavaRes
> Task :expo-dev-menu:bundleLibRuntimeToJarDebug
> Task :expo-dev-menu:bundleLibCompileToJarDebug

> Task :react-native-worklets:buildCMakeDebug[arm64-v8a][worklets]
C/C++: Hard link from 'C:\Users\saija\.gradle\caches\9.3.1\transforms\e5137b1697cb4e6653aa47c453080b3a\workspace\transformed\react-android-0.86.2-debug\prefab\modules\reactnative\libs\android.arm64-v8a\libreactnative.so' to 'D:\Projects\NextGleis\node_modules\react-native-worklets\android\build\intermediates\cxx\Debug\272ej1o4\obj\arm64-v8a\libreactnative.so' failed. Doing a slower copy instead.
C/C++: Hard link from 'C:\Users\saija\.gradle\caches\9.3.1\transforms\e5137b1697cb4e6653aa47c453080b3a\workspace\transformed\react-android-0.86.2-debug\prefab\modules\reactnative\libs\android.arm64-v8a\libreactnative.so' to 'D:\Projects\NextGleis\node_modules\react-native-worklets\android\build\intermediates\cxx\Debug\272ej1o4\obj\arm64-v8a\libreactnative.so' failed. Doing a slower copy instead.

> Task :react-native-worklets:externalNativeBuildDebug
C/C++: Hard link from 'C:\Users\saija\.gradle\caches\9.3.1\transforms\e5137b1697cb4e6653aa47c453080b3a\workspace\transformed\react-android-0.86.2-debug\prefab\modules\reactnative\libs\android.arm64-v8a\libreactnative.so' to 'D:\Projects\NextGleis\node_modules\react-native-worklets\android\build\intermediates\cmake\debug\obj\arm64-v8a\libreactnative.so' failed. Doing a slower copy instead.
C/C++: Hard link from 'C:\Users\saija\.gradle\caches\9.3.1\transforms\e5137b1697cb4e6653aa47c453080b3a\workspace\transformed\react-android-0.86.2-debug\prefab\modules\reactnative\libs\android.arm64-v8a\libreactnative.so' to 'D:\Projects\NextGleis\node_modules\react-native-worklets\android\build\intermediates\cmake\debug\obj\arm64-v8a\libreactnative.so' failed. Doing a slower copy instead.

> Task :react-native-worklets:generateJsonModelDebug
> Task :react-native-worklets:prefabDebugConfigurePackage
> Task :react-native-worklets:prefabDebugPackage
> Task :react-native-worklets:mergeDebugJniLibFolders
> Task :react-native-worklets:mergeDebugNativeLibs
> Task :react-native-worklets:copyDebugJniLibsProjectOnly
> Task :expo-modules-core:configureCMakeDebug[arm64-v8a]
> Task :react-native-reanimated:configureCMakeDebug[arm64-v8a]
> Task :react-native-reanimated:generateJsonModelDebug
> Task :react-native-reanimated:prefabDebugConfigurePackage

> Task :expo-dev-launcher:compileDebugKotlin
w: file:///D:/Projects/NextGleis/node_modules/expo-dev-launcher/android/src/debug/java/expo/modules/devlauncher/compose/models/BranchViewModel.kt:80:31 'val runtimeVersion: String' is deprecated. Use 'runtime' field .
w: file:///D:/Projects/NextGleis/node_modules/expo-dev-launcher/android/src/debug/java/expo/modules/devlauncher/compose/screens/BranchScreen.kt:59:9 'fun Button(onClick: () -> Unit, enabled: Boolean = ..., shape: Shape = ..., backgroundColor: Color = ..., contentColor: Color = ..., contentPadding: PaddingValues = ..., borderColor: Color = ..., borderWidth: Dp = ..., modifier: Modifier = ..., role: Role = ..., indication: Indication? = ..., interactionSource: MutableInteractionSource? = ..., horizontalArrangement: Arrangement.Horizontal = ..., verticalAlignment: Alignment.Vertical = ..., content: @Composable() ComposableFunction1<RowScope, Unit>): Unit' is deprecated. Use UnstyledButton instead.
w: file:///D:/Projects/NextGleis/node_modules/expo-dev-launcher/android/src/debug/java/expo/modules/devlauncher/compose/screens/BranchScreen.kt:113:13 'fun Button(onClick: () -> Unit, enabled: Boolean = ..., shape: Shape = ..., backgroundColor: Color = ..., contentColor: Color = ..., contentPadding: PaddingValues = ..., borderColor: Color = ..., borderWidth: Dp = ..., modifier: Modifier = ..., role: Role = ..., indication: Indication? = ..., interactionSource: MutableInteractionSource? = ..., horizontalArrangement: Arrangement.Horizontal = ..., verticalAlignment: Alignment.Vertical = ..., content: @Composable() ComposableFunction1<RowScope, Unit>): Unit' is deprecated. Use UnstyledButton instead.
w: file:///D:/Projects/NextGleis/node_modules/expo-dev-launcher/android/src/debug/java/expo/modules/devlauncher/compose/screens/HomeScreen.kt:53:5 'fun Button(onClick: () -> Unit, enabled: Boolean = ..., shape: Shape = ..., backgroundColor: Color = ..., contentColor: Color = ..., contentPadding: PaddingValues = ..., borderColor: Color = ..., borderWidth: Dp = ..., modifier: Modifier = ..., role: Role = ..., indication: Indication? = ..., interactionSource: MutableInteractionSource? = ..., horizontalArrangement: Arrangement.Horizontal = ..., verticalAlignment: Alignment.Vertical = ..., content: @Composable() ComposableFunction1<RowScope, Unit>): Unit' is deprecated. Use UnstyledButton instead.
w: file:///D:/Projects/NextGleis/node_modules/expo-dev-launcher/android/src/debug/java/expo/modules/devlauncher/compose/screens/SettingsScreen.kt:345:11 'fun TextField(value: String, onValueChange: (String) -> Unit, modifier: Modifier = ..., editable: Boolean = ..., cursorBrush: Brush = ..., textStyle: TextStyle = ..., textAlign: TextAlign = ..., lineHeight: TextUnit = ..., fontSize: TextUnit = ..., letterSpacing: TextUnit = ..., fontWeight: FontWeight? = ..., fontFamily: FontFamily? = ..., singleLine: Boolean = ..., minLines: Int = ..., maxLines: Int = ..., keyboardActions: KeyboardActions = ..., keyboardOptions: KeyboardOptions = ..., visualTransformation: VisualTransformation = ..., interactionSource: MutableInteractionSource? = ..., textColor: Color = ..., content: @Composable() ComposableFunction1<TextFieldScope, Unit>): Unit' is deprecated. This will go to 2.0. Stateless TextFields in Compose do not work correctly in all languages and cause duplication characters and unexpected behaviors.
w: file:///D:/Projects/NextGleis/node_modules/expo-dev-launcher/android/src/debug/java/expo/modules/devlauncher/compose/ui/ActionButton.kt:32:3 'fun Button(onClick: () -> Unit, enabled: Boolean = ..., shape: Shape = ..., backgroundColor: Color = ..., contentColor: Color = ..., contentPadding: PaddingValues = ..., borderColor: Color = ..., borderWidth: Dp = ..., modifier: Modifier = ..., role: Role = ..., indication: Indication? = ..., interactionSource: MutableInteractionSource? = ..., horizontalArrangement: Arrangement.Horizontal = ..., verticalAlignment: Alignment.Vertical = ..., content: @Composable() ComposableFunction1<RowScope, Unit>): Unit' is deprecated. Use UnstyledButton instead.
w: file:///D:/Projects/NextGleis/node_modules/expo-dev-launcher/android/src/debug/java/expo/modules/devlauncher/compose/ui/AppHeader.kt:98:7 'fun Button(onClick: () -> Unit, enabled: Boolean = ..., shape: Shape = ..., backgroundColor: Color = ..., contentColor: Color = ..., contentPadding: PaddingValues = ..., borderColor: Color = ..., borderWidth: Dp = ..., modifier: Modifier = ..., role: Role = ..., indication: Indication? = ..., interactionSource: MutableInteractionSource? = ..., horizontalArrangement: Arrangement.Horizontal = ..., verticalAlignment: Alignment.Vertical = ..., content: @Composable() ComposableFunction1<RowScope, Unit>): Unit' is deprecated. Use UnstyledButton instead.
w: file:///D:/Projects/NextGleis/node_modules/expo-dev-launcher/android/src/debug/java/expo/modules/devlauncher/compose/ui/AppLoadingErrorDialog.kt:35:26 'fun rememberDialogState(initiallyVisible: Boolean = ...): DialogState' is deprecated. This will go away in 2.0. Use Dialog from the com.composeunstyled package.
w: file:///D:/Projects/NextGleis/node_modules/expo-dev-launcher/android/src/debug/java/expo/modules/devlauncher/compose/ui/AppLoadingErrorDialog.kt:55:3 'fun Dialog(state: DialogState, properties: DialogProperties = ..., onDismiss: () -> Unit = ..., content: @Composable() ComposableFunction1<DialogScope, Unit>): Unit' is deprecated. This will go away in 2.0. Use Dialog from the com.composeunstyled package.
w: file:///D:/Projects/NextGleis/node_modules/expo-dev-launcher/android/src/debug/java/expo/modules/devlauncher/compose/ui/AppLoadingErrorDialog.kt:56:5 'fun DialogScope.Scrim(modifier: Modifier = ..., scrimColor: Color = ..., enter: EnterTransition = ..., exit: ExitTransition = ...): Unit' is deprecated. This will go away in 2.0. Use Dialog from the com.composeunstyled package.
w: file:///D:/Projects/NextGleis/node_modules/expo-dev-launcher/android/src/debug/java/expo/modules/devlauncher/compose/ui/AppLoadingErrorDialog.kt:58:5 'fun DialogScope.DialogPanel(modifier: Modifier = ..., enter: EnterTransition = ..., exit: ExitTransition = ..., shape: Shape = ..., backgroundColor: Color = ..., contentColor: Color = ..., contentPadding: PaddingValues = ..., content: @Composable() ComposableFunction0<Unit>): Unit' is deprecated. This will go away in 2.0. Use Dialog from the com.composeunstyled package.
w: file:///D:/Projects/NextGleis/node_modules/expo-dev-launcher/android/src/debug/java/expo/modules/devlauncher/compose/ui/AppLoadingErrorDialog.kt:81:11 'fun Button(onClick: () -> Unit, enabled: Boolean = ..., shape: Shape = ..., backgroundColor: Color = ..., contentColor: Color = ..., contentPadding: PaddingValues = ..., borderColor: Color = ..., borderWidth: Dp = ..., modifier: Modifier = ..., role: Role = ..., indication: Indication? = ..., interactionSource: MutableInteractionSource? = ..., horizontalArrangement: Arrangement.Horizontal = ..., verticalAlignment: Alignment.Vertical = ..., content: @Composable() ComposableFunction1<RowScope, Unit>): Unit' is deprecated. Use UnstyledButton instead.
w: file:///D:/Projects/NextGleis/node_modules/expo-dev-launcher/android/src/debug/java/expo/modules/devlauncher/compose/ui/AppLoadingErrorDialog.kt:104:21 'fun rememberDialogState(initiallyVisible: Boolean = ...): DialogState' is deprecated. This will go away in 2.0. Use Dialog from the com.composeunstyled package.
w: file:///D:/Projects/NextGleis/node_modules/expo-dev-launcher/android/src/debug/java/expo/modules/devlauncher/compose/ui/DevelopmentSession.kt:131:5 'fun Button(onClick: () -> Unit, enabled: Boolean = ..., shape: Shape = ..., backgroundColor: Color = ..., contentColor: Color = ..., contentPadding: PaddingValues = ..., borderColor: Color = ..., borderWidth: Dp = ..., modifier: Modifier = ..., role: Role = ..., indication: Indication? = ..., interactionSource: MutableInteractionSource? = ..., horizontalArrangement: Arrangement.Horizontal = ..., verticalAlignment: Alignment.Vertical = ..., content: @Composable() ComposableFunction1<RowScope, Unit>): Unit' is deprecated. Use UnstyledButton instead.
w: file:///D:/Projects/NextGleis/node_modules/expo-dev-launcher/android/src/debug/java/expo/modules/devlauncher/compose/ui/FetchDevelopmentServersButton.kt:27:5 'fun Button(onClick: () -> Unit, enabled: Boolean = ..., shape: Shape = ..., backgroundColor: Color = ..., contentColor: Color = ..., contentPadding: PaddingValues = ..., borderColor: Color = ..., borderWidth: Dp = ..., modifier: Modifier = ..., role: Role = ..., indication: Indication? = ..., interactionSource: MutableInteractionSource? = ..., horizontalArrangement: Arrangement.Horizontal = ..., verticalAlignment: Alignment.Vertical = ..., content: @Composable() ComposableFunction1<RowScope, Unit>): Unit' is deprecated. Use UnstyledButton instead.
w: file:///D:/Projects/NextGleis/node_modules/expo-dev-launcher/android/src/debug/java/expo/modules/devlauncher/compose/ui/RunningAppCard.kt:43:5 'fun Button(onClick: () -> Unit, enabled: Boolean = ..., shape: Shape = ..., backgroundColor: Color = ..., contentColor: Color = ..., contentPadding: PaddingValues = ..., borderColor: Color = ..., borderWidth: Dp = ..., modifier: Modifier = ..., role: Role = ..., indication: Indication? = ..., interactionSource: MutableInteractionSource? = ..., horizontalArrangement: Arrangement.Horizontal = ..., verticalAlignment: Alignment.Vertical = ..., content: @Composable() ComposableFunction1<RowScope, Unit>): Unit' is deprecated. Use UnstyledButton instead.
w: file:///D:/Projects/NextGleis/node_modules/expo-dev-launcher/android/src/debug/java/expo/modules/devlauncher/compose/ui/ScanQRCodeButton.kt:26:5 'fun Button(onClick: () -> Unit, enabled: Boolean = ..., shape: Shape = ..., backgroundColor: Color = ..., contentColor: Color = ..., contentPadding: PaddingValues = ..., borderColor: Color = ..., borderWidth: Dp = ..., modifier: Modifier = ..., role: Role = ..., indication: Indication? = ..., interactionSource: MutableInteractionSource? = ..., horizontalArrangement: Arrangement.Horizontal = ..., verticalAlignment: Alignment.Vertical = ..., content: @Composable() ComposableFunction1<RowScope, Unit>): Unit' is deprecated. Use UnstyledButton instead.
w: file:///D:/Projects/NextGleis/node_modules/expo-dev-launcher/android/src/debug/java/expo/modules/devlauncher/compose/ui/ServerUrlInput.kt:62:5 'fun TextField(value: String, onValueChange: (String) -> Unit, modifier: Modifier = ..., editable: Boolean = ..., cursorBrush: Brush = ..., textStyle: TextStyle = ..., textAlign: TextAlign = ..., lineHeight: TextUnit = ..., fontSize: TextUnit = ..., letterSpacing: TextUnit = ..., fontWeight: FontWeight? = ..., fontFamily: FontFamily? = ..., singleLine: Boolean = ..., minLines: Int = ..., maxLines: Int = ..., keyboardActions: KeyboardActions = ..., keyboardOptions: KeyboardOptions = ..., visualTransformation: VisualTransformation = ..., interactionSource: MutableInteractionSource? = ..., textColor: Color = ..., content: @Composable() ComposableFunction1<TextFieldScope, Unit>): Unit' is deprecated. This will go to 2.0. Stateless TextFields in Compose do not work correctly in all languages and cause duplication characters and unexpected behaviors.
w: file:///D:/Projects/NextGleis/node_modules/expo-dev-launcher/android/src/debug/java/expo/modules/devlauncher/launcher/DevLauncherActivity.kt:10:5 'fun overridePendingTransition(p0: Int, p1: Int): Unit' is deprecated. Deprecated in Java.
w: file:///D:/Projects/NextGleis/node_modules/expo-dev-launcher/android/src/debug/java/expo/modules/devlauncher/launcher/DevLauncherActivity.kt:24:5 'fun overridePendingTransition(p0: Int, p1: Int): Unit' is deprecated. Deprecated in Java.
w: file:///D:/Projects/NextGleis/node_modules/expo-dev-launcher/android/src/debug/java/expo/modules/devlauncher/launcher/DevLauncherRecentlyOpenedAppsRegistry.kt:33:47 Unchecked cast of 'MutableMap<Any?, Any?>' to 'MutableMap<String, Any>'.
w: file:///D:/Projects/NextGleis/node_modules/expo-dev-launcher/android/src/debug/java/expo/modules/devlauncher/launcher/DevLauncherRecentlyOpenedAppsRegistry.kt:51:27 'fun getRawJson(): JSONObject' is deprecated. Prefer to use specific field getters.
w: file:///D:/Projects/NextGleis/node_modules/expo-dev-launcher/android/src/debug/java/expo/modules/devlauncher/modules/DevLauncherModule.kt:14:29 'fun getRawJson(): JSONObject' is deprecated. Prefer to use specific field getters.
w: file:///D:/Projects/NextGleis/node_modules/expo-dev-launcher/android/src/debug/java/expo/modules/devlauncher/react/DevLauncherBridgelessDevSupportManager.kt:44:38 This code uses error suppression for 'NOTHING_TO_OVERRIDE'. While it might compile and work, the compiler behavior is UNSPECIFIED and WILL NOT BE PRESERVED. Please report your use case to the Kotlin issue tracker instead: https://kotl.in/issue
w: file:///D:/Projects/NextGleis/node_modules/expo-dev-launcher/android/src/debug/java/expo/modules/devlauncher/react/DevLauncherDevSupportManagerFactory.kt:16:16 This declaration overrides a deprecated member but is not marked as deprecated itself. Add the '@Deprecated' annotation or suppress the diagnostic.
w: file:///D:/Projects/NextGleis/node_modules/expo-dev-launcher/android/src/main/java/expo/modules/devlauncher/DevLauncherPackage.kt:15:16 This declaration overrides a deprecated member but is not marked as deprecated itself. Add the '@Deprecated' annotation or suppress the diagnostic.

> Task :expo-dev-launcher:compileDebugJavaWithJavac
> Task :expo-dev-launcher:processDebugJavaRes
> Task :expo-dev-launcher:bundleLibRuntimeToJarDebug
> Task :expo-dev-launcher:bundleLibCompileToJarDebug

> Task :expo:compileDebugKotlin
w: file:///D:/Projects/NextGleis/node_modules/expo/android/src/main/java/expo/modules/ExpoModulesPackage.kt:34:16 This declaration overrides a deprecated member but is not marked as deprecated itself. Add the '@Deprecated' annotation or suppress the diagnostic.
w: file:///D:/Projects/NextGleis/node_modules/expo/android/src/main/java/expo/modules/ReactActivityDelegateWrapper.kt:22:8 'class ReactInstanceManager : Any' is deprecated. Deprecated in Java.
w: file:///D:/Projects/NextGleis/node_modules/expo/android/src/main/java/expo/modules/ReactActivityDelegateWrapper.kt:102:16 This declaration overrides a deprecated member but is not marked as deprecated itself. Add the '@Deprecated' annotation or suppress the diagnostic.
w: file:///D:/Projects/NextGleis/node_modules/expo/android/src/main/java/expo/modules/ReactActivityDelegateWrapper.kt:102:43 'class ReactInstanceManager : Any' is deprecated. Deprecated in Java.
w: file:///D:/Projects/NextGleis/node_modules/expo/android/src/main/java/expo/modules/ReactActivityDelegateWrapper.kt:103:21 'val reactInstanceManager: ReactInstanceManager' is deprecated. Deprecated in Java.
w: file:///D:/Projects/NextGleis/node_modules/expo/android/src/main/java/expo/modules/fetch/ExpoFetchModule.kt:33:39 'constructor(reactContext: ReactContext): ForwardingCookieHandler' is deprecated. Use the default constructor.
w: file:///D:/Projects/NextGleis/node_modules/expo/android/src/main/java/expo/modules/fetch/NativeResponse.kt:44:16 This declaration overrides a deprecated member but is not marked as deprecated itself. Add the '@Deprecated' annotation or suppress the diagnostic.
w: file:///D:/Projects/NextGleis/node_modules/expo/android/src/main/java/expo/modules/fetch/NativeResponse.kt:46:11 'fun deallocate(): Unit' is deprecated. Use sharedObjectDidRelease() instead.

> Task :expo-modules-core:buildCMakeDebug[arm64-v8a]
C/C++: ninja: Entering directory `D:\Projects\NextGleis\node_modules\expo-modules-core\android\.cxx\Debug\306441i3\arm64-v8a'
C/C++: D:/Projects/NextGleis/node_modules/expo-modules-core/android/src/main/cpp/fabric/ExpoComponentDescriptorFactory.cpp:17:5: warning: 'RawPropsParser' is deprecated [-Wdeprecated-declarations]
C/C++:    17 |     react::RawPropsParser(/*useRawPropsJsiValue=*/true)
C/C++:       |     ^
C/C++: D:/Projects/NextGleis/node_modules/react-native/ReactCommon/react/renderer/core/RawPropsParser.h:31:5: note: 'RawPropsParser' has been explicitly marked deprecated here
C/C++:    31 |   [[deprecated]] explicit RawPropsParser(bool /* ignored */) : RawPropsParser() {}
C/C++:       |     ^
C/C++: 1 warning generated.

> Task :expo:compileDebugJavaWithJavac
> Task :expo:processDebugJavaRes
> Task :expo:bundleLibCompileToJarDebug
> Task :expo:bundleLibRuntimeToJarDebug

> Task :expo-modules-core:buildCMakeDebug[arm64-v8a]
C/C++: Hard link from 'C:\Users\saija\.gradle\caches\9.3.1\transforms\e5137b1697cb4e6653aa47c453080b3a\workspace\transformed\react-android-0.86.2-debug\prefab\modules\reactnative\libs\android.arm64-v8a\libreactnative.so' to 'D:\Projects\NextGleis\node_modules\expo-modules-core\android\build\intermediates\cxx\Debug\306441i3\obj\arm64-v8a\libreactnative.so' failed. Doing a slower copy instead.
C/C++: Hard link from 'C:\Users\saija\.gradle\caches\9.3.1\transforms\e5137b1697cb4e6653aa47c453080b3a\workspace\transformed\react-android-0.86.2-debug\prefab\modules\reactnative\libs\android.arm64-v8a\libreactnative.so' to 'D:\Projects\NextGleis\node_modules\expo-modules-core\android\build\intermediates\cxx\Debug\306441i3\obj\arm64-v8a\libreactnative.so' failed. Doing a slower copy instead.

> Task :expo-modules-core:mergeDebugNativeLibs
> Task :expo-modules-core:copyDebugJniLibsProjectOnly
> Task :app:configureCMakeDebug[arm64-v8a]
> Task :react-native-reanimated:buildCMakeDebug[arm64-v8a][reanimated]
> Task :react-native-gesture-handler:configureCMakeDebug[arm64-v8a]

> Task :react-native-reanimated:buildCMakeDebug[arm64-v8a][reanimated]
C/C++: Hard link from 'C:\Users\saija\.gradle\caches\9.3.1\transforms\e5137b1697cb4e6653aa47c453080b3a\workspace\transformed\react-android-0.86.2-debug\prefab\modules\reactnative\libs\android.arm64-v8a\libreactnative.so' to 'D:\Projects\NextGleis\node_modules\react-native-reanimated\android\build\intermediates\cxx\Debug\72i56h70\obj\arm64-v8a\libreactnative.so' failed. Doing a slower copy instead.
C/C++: Hard link from 'C:\Users\saija\.gradle\caches\9.3.1\transforms\e5137b1697cb4e6653aa47c453080b3a\workspace\transformed\react-android-0.86.2-debug\prefab\modules\reactnative\libs\android.arm64-v8a\libreactnative.so' to 'D:\Projects\NextGleis\node_modules\react-native-reanimated\android\build\intermediates\cxx\Debug\72i56h70\obj\arm64-v8a\libreactnative.so' failed. Doing a slower copy instead.

> Task :react-native-reanimated:externalNativeBuildDebug
C/C++: Hard link from 'C:\Users\saija\.gradle\caches\9.3.1\transforms\e5137b1697cb4e6653aa47c453080b3a\workspace\transformed\react-android-0.86.2-debug\prefab\modules\reactnative\libs\android.arm64-v8a\libreactnative.so' to 'D:\Projects\NextGleis\node_modules\react-native-reanimated\android\build\intermediates\cmake\debug\obj\arm64-v8a\libreactnative.so' failed. Doing a slower copy instead.
C/C++: Hard link from 'C:\Users\saija\.gradle\caches\9.3.1\transforms\e5137b1697cb4e6653aa47c453080b3a\workspace\transformed\react-android-0.86.2-debug\prefab\modules\reactnative\libs\android.arm64-v8a\libreactnative.so' to 'D:\Projects\NextGleis\node_modules\react-native-reanimated\android\build\intermediates\cmake\debug\obj\arm64-v8a\libreactnative.so' failed. Doing a slower copy instead.

> Task :react-native-reanimated:prefabDebugPackage
> Task :react-native-reanimated:mergeDebugNativeLibs
> Task :react-native-reanimated:copyDebugJniLibsProjectOnly
> Task :app:compileDebugKotlin
> Task :app:mergeLibDexDebug

> Task :react-native-gesture-handler:buildCMakeDebug[arm64-v8a]
C/C++: Hard link from 'C:\Users\saija\.gradle\caches\9.3.1\transforms\e5137b1697cb4e6653aa47c453080b3a\workspace\transformed\react-android-0.86.2-debug\prefab\modules\reactnative\libs\android.arm64-v8a\libreactnative.so' to 'D:\Projects\NextGleis\node_modules\react-native-gesture-handler\android\build\intermediates\cxx\Debug\5c52f206\obj\arm64-v8a\libreactnative.so' failed. Doing a slower copy instead.
C/C++: Hard link from 'C:\Users\saija\.gradle\caches\9.3.1\transforms\e5137b1697cb4e6653aa47c453080b3a\workspace\transformed\react-android-0.86.2-debug\prefab\modules\reactnative\libs\android.arm64-v8a\libreactnative.so' to 'D:\Projects\NextGleis\node_modules\react-native-gesture-handler\android\build\intermediates\cxx\Debug\5c52f206\obj\arm64-v8a\libreactnative.so' failed. Doing a slower copy instead.

> Task :react-native-gesture-handler:mergeDebugNativeLibs
> Task :react-native-gesture-handler:copyDebugJniLibsProjectOnly
